nohup: ignoring input
2026-09-21T07:03:21Z INF Thank you for trying Cloudflare Tunnel. Doing so, without a Cloudflare account, is a quick way to experiment and try it out. However, be aware that these account-less Tunnels have no uptime guarantee, are subject to the Cloudflare Online Services Terms of Use (https://www.cloudflare.com/website-terms/), and Cloudflare reserves the right to investigate your use of Tunnels for violations of such terms. If you intend to use Tunnels in production you should use a pre-created named tunnel by following: https://developers.cloudflare.com/cloudflare-one/connections/connect-apps
2026-09-21T07:03:21Z INF Requesting new quick Tunnel on trycloudflare.com...
2026-09-21T07:03:27Z INF +--------------------------------------------------------------------------------------------+
2026-09-21T07:03:27Z INF |  Your quick Tunnel has been created! Visit it at (it may take some time to be reachable):  |
2026-09-21T07:03:27Z INF |  https://analyses-mother-mumbai-commissioners.trycloudflare.com                            |
2026-09-21T07:03:27Z INF +--------------------------------------------------------------------------------------------+
2026-09-21T07:03:27Z INF Version 2026.9.1 (Checksum 03f1f25d1cc93b9ad6c60569d44060bc4f17ed97075760ed8cfca4b12dcd68cc)
2026-09-21T07:03:27Z INF GOOS: linux, GOVersion: go1.26.8, GoArch: amd64
2026-09-21T07:03:27Z INF Settings: map[cred-file:/root/.cloudflared/486f6cad-9aeb-4db6-be57-0ca3904994fd.json credentials-file:/root/.cloudflared/486f6cad-9aeb-4db6-be57-0ca3904994fd.json ha-connections:1 http-host-header:localhost logfile:/root/Mark-LIII/tunnels/companion-cloudflared.log loglevel:info no-tls-verify:true protocol:quic url:https://127.0.0.1:8000]
2026-09-21T07:03:27Z INF cloudflared will not automatically update if installed by a package manager.
2026-09-21T07:03:27Z INF Generated Connector ID: 55c01ce5-1e46-45a3-ae75-5e79c0fd989d
2026-09-21T07:03:27Z INF Initial protocol quic
2026-09-21T07:03:27Z INF ICMP proxy will use 31.70.150.218 as source for IPv4
2026-09-21T07:03:27Z INF ICMP proxy will use fe80::1:8cff:fe27:4849 in zone ens6 as source for IPv6
2026-09-21T07:03:27Z WRN The user running cloudflared process has a GID (group ID) that is not within ping_group_range. You might need to add that user to a group within that range, or instead update the range to encompass a group the user is already in by modifying /proc/sys/net/ipv4/ping_group_range. Otherwise cloudflared will not be able to ping this network error="Group ID 0 is not between ping group 1 to 0"
2026-09-21T07:03:27Z WRN ICMP proxy feature is disabled error="cannot create ICMPv4 proxy: Group ID 0 is not between ping group 1 to 0 nor ICMPv6 proxy: socket: permission denied"
2026-09-21T07:03:27Z INF ICMP proxy will use 31.70.150.218 as source for IPv4
2026-09-21T07:03:27Z INF ICMP proxy will use fe80::1:8cff:fe27:4849 in zone ens6 as source for IPv6
2026-09-21T07:03:27Z INF Starting metrics server on 127.0.0.1:20242/metrics
2026-09-21T07:03:27Z INF Tunnel connection curve preferences: [X25519MLKEM768 CurveID(65074) CurveP256] connIndex=0 event=0 ip=198.41.192.167
2026-09-21T07:03:28Z INF Registered tunnel connection connIndex=0 connection=14c964d9-496e-4217-ba83-7c81fc0cd62d event=0 ip=198.41.192.167 location=mad06 protocol=quic
2026-09-21T07:03:33Z INF +-------------------------------------------------------------------------------------+
2026-09-21T07:03:33Z INF |                               CONNECTIVITY PRE-CHECKS                               |
2026-09-21T07:03:33Z INF +-------------------------------------------------------------------------------------+
2026-09-21T07:03:33Z INF |  COMPONENT         TARGET                     STATUS  DETAILS                       |
2026-09-21T07:03:33Z INF |  DNS Resolution    region1.v2.argotunnel.com  PASS    DNS Resolved successfully     |
2026-09-21T07:03:33Z INF |  DNS Resolution    region2.v2.argotunnel.com  PASS    DNS Resolved successfully     |
2026-09-21T07:03:33Z INF |  UDP Connectivity  region1.v2.argotunnel.com  PASS    QUIC connection successful    |
2026-09-21T07:03:33Z INF |  UDP Connectivity  region2.v2.argotunnel.com  PASS    QUIC connection successful    |
2026-09-21T07:03:33Z INF |  TCP Connectivity  region1.v2.argotunnel.com  PASS    HTTP/2 connection successful  |
2026-09-21T07:03:33Z INF |  TCP Connectivity  region2.v2.argotunnel.com  PASS    HTTP/2 connection successful  |
2026-09-21T07:03:33Z INF |  Cloudflare API    api.cloudflare.com:443     PASS    API is reachable              |
2026-09-21T07:03:33Z INF |                                                                                     |
2026-09-21T07:03:33Z INF |  SUMMARY: Environment is healthy. cloudflared will use 'quic' as primary protocol.  |
2026-09-21T07:03:33Z INF +-------------------------------------------------------------------------------------+
2026-09-21T07:03:33Z INF precheck component="DNS Resolution" details="DNS Resolved successfully" run_id=b4396a25-63da-42fb-8340-66028da2efb2 status=pass target=region1.v2.argotunnel.com
2026-09-21T07:03:33Z INF precheck component="DNS Resolution" details="DNS Resolved successfully" run_id=b4396a25-63da-42fb-8340-66028da2efb2 status=pass target=region2.v2.argotunnel.com
2026-09-21T07:03:33Z INF precheck component="UDP Connectivity" details="QUIC connection successful" run_id=b4396a25-63da-42fb-8340-66028da2efb2 status=pass target=region1.v2.argotunnel.com
2026-09-21T07:03:33Z INF precheck component="UDP Connectivity" details="QUIC connection successful" run_id=b4396a25-63da-42fb-8340-66028da2efb2 status=pass target=region2.v2.argotunnel.com
2026-09-21T07:03:33Z INF precheck component="TCP Connectivity" details="HTTP/2 connection successful" run_id=b4396a25-63da-42fb-8340-66028da2efb2 status=pass target=region1.v2.argotunnel.com
2026-09-21T07:03:33Z INF precheck component="TCP Connectivity" details="HTTP/2 connection successful" run_id=b4396a25-63da-42fb-8340-66028da2efb2 status=pass target=region2.v2.argotunnel.com
2026-09-21T07:03:33Z INF precheck component="Cloudflare API" details="API is reachable" run_id=b4396a25-63da-42fb-8340-66028da2efb2 status=pass target=api.cloudflare.com:443
2026-09-21T07:03:33Z INF precheck complete hard_fail=false run_id=b4396a25-63da-42fb-8340-66028da2efb2 suggested_protocol=quic
2026-09-21T07:20:03Z INF Initiating graceful shutdown due to signal terminated ...
2026-09-21T07:20:03Z INF Retrying connection in up to 1s connIndex=0 event=0 ip=198.41.192.167
2026-09-21T07:20:03Z ERR Connection terminated connIndex=0
2026-09-21T07:20:03Z ERR no more connections active and exiting
2026-09-21T07:20:03Z INF Tunnel server stopped
2026-09-21T07:20:03Z INF Metrics server stopped
